C:\Documents and Settings\Administrator\Desktop\eclipse-SDK-3.0.1-win32\eclipse\workspace\RefactoredPrevaylerSystem\aspects\censorclock\weave\ClockPublisher.aj
C:\Documents and Settings\Administrator\Desktop\eclipse-SDK-3.0.1-win32\eclipse\workspace\RefactoredPrevaylerSystem\aspects\censorclock\weave\ClockTransactionCensor.aj
C:\Documents and Settings\Administrator\Desktop\eclipse-SDK-3.0.1-win32\eclipse\workspace\RefactoredPrevaylerSystem\aspects\censorclockthread\weave\CensorClockThread.aj
C:\Documents and Settings\Administrator\Desktop\eclipse-SDK-3.0.1-win32\eclipse\workspace\RefactoredPrevaylerSystem\aspects\censorship\LiberalTransactionCensor.java
C:\Documents and Settings\Administrator\Desktop\eclipse-SDK-3.0.1-win32\eclipse\workspace\RefactoredPrevaylerSystem\aspects\censorship\StrictTransactionCensor.java
C:\Documents and Settings\Administrator\Desktop\eclipse-SDK-3.0.1-win32\eclipse\workspace\RefactoredPrevaylerSystem\aspects\censorship\TransactionCensor.java
C:\Documents and Settings\Administrator\Desktop\eclipse-SDK-3.0.1-win32\eclipse\workspace\RefactoredPrevaylerSystem\aspects\censorship\weave\CensorFactoryAspect.aj
C:\Documents and Settings\Administrator\Desktop\eclipse-SDK-3.0.1-win32\eclipse\workspace\RefactoredPrevaylerSystem\aspects\censorship\weave\CensorPublisherAspect.aj
C:\Documents and Settings\Administrator\Desktop\eclipse-SDK-3.0.1-win32\eclipse\workspace\RefactoredPrevaylerSystem\aspects\censorthread\weave\CensorPublisherThread.aj
C:\Documents and Settings\Administrator\Desktop\eclipse-SDK-3.0.1-win32\eclipse\workspace\RefactoredPrevaylerSystem\aspects\censorthread\weave\StrictCensorSynch.aj
C:\Documents and Settings\Administrator\Desktop\eclipse-SDK-3.0.1-win32\eclipse\workspace\RefactoredPrevaylerSystem\aspects\clock\BrokenClock.java
C:\Documents and Settings\Administrator\Desktop\eclipse-SDK-3.0.1-win32\eclipse\workspace\RefactoredPrevaylerSystem\aspects\clock\Clock.java
C:\Documents and Settings\Administrator\Desktop\eclipse-SDK-3.0.1-win32\eclipse\workspace\RefactoredPrevaylerSystem\aspects\clock\demo\weave\BankFrameClock.aj
C:\Documents and Settings\Administrator\Desktop\eclipse-SDK-3.0.1-win32\eclipse\workspace\RefactoredPrevaylerSystem\aspects\clock\demo\weave\ClockAccount.aj
C:\Documents and Settings\Administrator\Desktop\eclipse-SDK-3.0.1-win32\eclipse\workspace\RefactoredPrevaylerSystem\aspects\clock\demo\weave\ClockAccountEntry.aj
C:\Documents and Settings\Administrator\Desktop\eclipse-SDK-3.0.1-win32\eclipse\workspace\RefactoredPrevaylerSystem\aspects\clock\demo\weave\ClockBank.aj
C:\Documents and Settings\Administrator\Desktop\eclipse-SDK-3.0.1-win32\eclipse\workspace\RefactoredPrevaylerSystem\aspects\clock\demo\weave\DemoTransactions.aj
C:\Documents and Settings\Administrator\Desktop\eclipse-SDK-3.0.1-win32\eclipse\workspace\RefactoredPrevaylerSystem\aspects\clock\MachineClock.java
C:\Documents and Settings\Administrator\Desktop\eclipse-SDK-3.0.1-win32\eclipse\workspace\RefactoredPrevaylerSystem\aspects\clock\PausableClock.java
C:\Documents and Settings\Administrator\Desktop\eclipse-SDK-3.0.1-win32\eclipse\workspace\RefactoredPrevaylerSystem\aspects\clock\weave\ClockLogger.aj
C:\Documents and Settings\Administrator\Desktop\eclipse-SDK-3.0.1-win32\eclipse\workspace\RefactoredPrevaylerSystem\aspects\clock\weave\ClockPrevayler.aj
C:\Documents and Settings\Administrator\Desktop\eclipse-SDK-3.0.1-win32\eclipse\workspace\RefactoredPrevaylerSystem\aspects\clock\weave\ClockPrevaylerFactory.aj
C:\Documents and Settings\Administrator\Desktop\eclipse-SDK-3.0.1-win32\eclipse\workspace\RefactoredPrevaylerSystem\aspects\clock\weave\ClockPublisher.aj
C:\Documents and Settings\Administrator\Desktop\eclipse-SDK-3.0.1-win32\eclipse\workspace\RefactoredPrevaylerSystem\aspects\clock\weave\ClockSubscriber.aj
C:\Documents and Settings\Administrator\Desktop\eclipse-SDK-3.0.1-win32\eclipse\workspace\RefactoredPrevaylerSystem\aspects\clock\weave\ClockTransaction.aj
C:\Documents and Settings\Administrator\Desktop\eclipse-SDK-3.0.1-win32\eclipse\workspace\RefactoredPrevaylerSystem\aspects\clock\weave\ClockTransactionTimeStamp.aj
C:\Documents and Settings\Administrator\Desktop\eclipse-SDK-3.0.1-win32\eclipse\workspace\RefactoredPrevaylerSystem\aspects\clock\weave\ClockTransactionWithQueryExecuter.aj
C:\Documents and Settings\Administrator\Desktop\eclipse-SDK-3.0.1-win32\eclipse\workspace\RefactoredPrevaylerSystem\aspects\clock\weave\ClockTransientLogger.aj
C:\Documents and Settings\Administrator\Desktop\eclipse-SDK-3.0.1-win32\eclipse\workspace\RefactoredPrevaylerSystem\aspects\multithread\Cool.java
C:\Documents and Settings\Administrator\Desktop\eclipse-SDK-3.0.1-win32\eclipse\workspace\RefactoredPrevaylerSystem\aspects\multithread\Turn.java
C:\Documents and Settings\Administrator\Desktop\eclipse-SDK-3.0.1-win32\eclipse\workspace\RefactoredPrevaylerSystem\aspects\multithread\weave\SynchMethods.aj
C:\Documents and Settings\Administrator\Desktop\eclipse-SDK-3.0.1-win32\eclipse\workspace\RefactoredPrevaylerSystem\aspects\multithread\weave\ThreadAbstractPublisher.aj
C:\Documents and Settings\Administrator\Desktop\eclipse-SDK-3.0.1-win32\eclipse\workspace\RefactoredPrevaylerSystem\aspects\multithread\weave\ThreadCentralPublisher.aj
C:\Documents and Settings\Administrator\Desktop\eclipse-SDK-3.0.1-win32\eclipse\workspace\RefactoredPrevaylerSystem\aspects\multithread\weave\ThreadLogger.aj
C:\Documents and Settings\Administrator\Desktop\eclipse-SDK-3.0.1-win32\eclipse\workspace\RefactoredPrevaylerSystem\aspects\multithread\weave\ThreadPrevaylerImpl.aj
C:\Documents and Settings\Administrator\Desktop\eclipse-SDK-3.0.1-win32\eclipse\workspace\RefactoredPrevaylerSystem\aspects\multithread\weave\ThreadTransientLogger.aj
C:\Documents and Settings\Administrator\Desktop\eclipse-SDK-3.0.1-win32\eclipse\workspace\RefactoredPrevaylerSystem\aspects\multithreadClock\weave\BrokenClockSynch.aj
C:\Documents and Settings\Administrator\Desktop\eclipse-SDK-3.0.1-win32\eclipse\workspace\RefactoredPrevaylerSystem\aspects\multithreadClock\weave\ThreadClockLogger.aj
C:\Documents and Settings\Administrator\Desktop\eclipse-SDK-3.0.1-win32\eclipse\workspace\RefactoredPrevaylerSystem\aspects\multithreadClock\weave\ThreadClockPublisher.aj
C:\Documents and Settings\Administrator\Desktop\eclipse-SDK-3.0.1-win32\eclipse\workspace\RefactoredPrevaylerSystem\aspects\multithreadClock\weave\ThreadClockTransient.aj
C:\Documents and Settings\Administrator\Desktop\eclipse-SDK-3.0.1-win32\eclipse\workspace\RefactoredPrevaylerSystem\aspects\persistentclock\weave\ClockPersistent.aj
C:\Documents and Settings\Administrator\Desktop\eclipse-SDK-3.0.1-win32\eclipse\workspace\RefactoredPrevaylerSystem\aspects\persistentLogging\demo\weave\DemoMain.aj
C:\Documents and Settings\Administrator\Desktop\eclipse-SDK-3.0.1-win32\eclipse\workspace\RefactoredPrevaylerSystem\aspects\persistentLogging\DurableOutputStream.java
C:\Documents and Settings\Administrator\Desktop\eclipse-SDK-3.0.1-win32\eclipse\workspace\RefactoredPrevaylerSystem\aspects\persistentLogging\PersistentLogger.java
C:\Documents and Settings\Administrator\Desktop\eclipse-SDK-3.0.1-win32\eclipse\workspace\RefactoredPrevaylerSystem\aspects\persistentLogging\SimpleInputStream.java
C:\Documents and Settings\Administrator\Desktop\eclipse-SDK-3.0.1-win32\eclipse\workspace\RefactoredPrevaylerSystem\aspects\persistentLogging\weave\PersistentAspect.aj
C:\Documents and Settings\Administrator\Desktop\eclipse-SDK-3.0.1-win32\eclipse\workspace\RefactoredPrevaylerSystem\aspects\persistentmulticlock\weave\ThreadClockPersistent.aj
C:\Documents and Settings\Administrator\Desktop\eclipse-SDK-3.0.1-win32\eclipse\workspace\RefactoredPrevaylerSystem\aspects\persistentmultithread\weave\ThreadingDurableAspect.aj
C:\Documents and Settings\Administrator\Desktop\eclipse-SDK-3.0.1-win32\eclipse\workspace\RefactoredPrevaylerSystem\aspects\persistentmultithread\weave\ThreadPersistent.aj
C:\Documents and Settings\Administrator\Desktop\eclipse-SDK-3.0.1-win32\eclipse\workspace\RefactoredPrevaylerSystem\aspects\prevalenceBase\weave\DemoWeave.aj
C:\Documents and Settings\Administrator\Desktop\eclipse-SDK-3.0.1-win32\eclipse\workspace\RefactoredPrevaylerSystem\aspects\prevalenceBase\weave\PrevalenceBase.aj
C:\Documents and Settings\Administrator\Desktop\eclipse-SDK-3.0.1-win32\eclipse\workspace\RefactoredPrevaylerSystem\aspects\replication\ClientPublisher.java
C:\Documents and Settings\Administrator\Desktop\eclipse-SDK-3.0.1-win32\eclipse\workspace\RefactoredPrevaylerSystem\aspects\replication\demo\weave\DemoMainReplica.aj
C:\Documents and Settings\Administrator\Desktop\eclipse-SDK-3.0.1-win32\eclipse\workspace\RefactoredPrevaylerSystem\aspects\replication\demo\weave\DemoMainReplicaServer.aj
C:\Documents and Settings\Administrator\Desktop\eclipse-SDK-3.0.1-win32\eclipse\workspace\RefactoredPrevaylerSystem\aspects\replication\POBox.java
C:\Documents and Settings\Administrator\Desktop\eclipse-SDK-3.0.1-win32\eclipse\workspace\RefactoredPrevaylerSystem\aspects\replication\ServerConnection.java
C:\Documents and Settings\Administrator\Desktop\eclipse-SDK-3.0.1-win32\eclipse\workspace\RefactoredPrevaylerSystem\aspects\replication\ServerListener.java
C:\Documents and Settings\Administrator\Desktop\eclipse-SDK-3.0.1-win32\eclipse\workspace\RefactoredPrevaylerSystem\aspects\replication\weave\ReplicationAspect.aj
C:\Documents and Settings\Administrator\Desktop\eclipse-SDK-3.0.1-win32\eclipse\workspace\RefactoredPrevaylerSystem\aspects\replicationClock\weave\ClientClock.aj
C:\Documents and Settings\Administrator\Desktop\eclipse-SDK-3.0.1-win32\eclipse\workspace\RefactoredPrevaylerSystem\aspects\replicationClock\weave\POBOXClock.aj
C:\Documents and Settings\Administrator\Desktop\eclipse-SDK-3.0.1-win32\eclipse\workspace\RefactoredPrevaylerSystem\aspects\replicationClock\weave\ServerConnectionClock.aj
C:\Documents and Settings\Administrator\Desktop\eclipse-SDK-3.0.1-win32\eclipse\workspace\RefactoredPrevaylerSystem\aspects\replicationsnapshot\weave\ReplicationSnapshot.aj
C:\Documents and Settings\Administrator\Desktop\eclipse-SDK-3.0.1-win32\eclipse\workspace\RefactoredPrevaylerSystem\aspects\replicationThread\weave\ClientPubThread.aj
C:\Documents and Settings\Administrator\Desktop\eclipse-SDK-3.0.1-win32\eclipse\workspace\RefactoredPrevaylerSystem\aspects\replicationThread\weave\POBOXThread.aj
C:\Documents and Settings\Administrator\Desktop\eclipse-SDK-3.0.1-win32\eclipse\workspace\RefactoredPrevaylerSystem\aspects\replicationThread\weave\ServerConnThread.aj
C:\Documents and Settings\Administrator\Desktop\eclipse-SDK-3.0.1-win32\eclipse\workspace\RefactoredPrevaylerSystem\aspects\replicationThread\weave\ServerListenerThread.aj
C:\Documents and Settings\Administrator\Desktop\eclipse-SDK-3.0.1-win32\eclipse\workspace\RefactoredPrevaylerSystem\aspects\snapshot\demo\weave\DemoMainXml.aj
C:\Documents and Settings\Administrator\Desktop\eclipse-SDK-3.0.1-win32\eclipse\workspace\RefactoredPrevaylerSystem\aspects\snapshot\demo\weave\SnapshotDemoMain.aj
C:\Documents and Settings\Administrator\Desktop\eclipse-SDK-3.0.1-win32\eclipse\workspace\RefactoredPrevaylerSystem\aspects\snapshot\NullSnapshotManager.java
C:\Documents and Settings\Administrator\Desktop\eclipse-SDK-3.0.1-win32\eclipse\workspace\RefactoredPrevaylerSystem\aspects\snapshot\SnapshotManager.java
C:\Documents and Settings\Administrator\Desktop\eclipse-SDK-3.0.1-win32\eclipse\workspace\RefactoredPrevaylerSystem\aspects\snapshot\weave\SnapshotFactoryAspect.aj
C:\Documents and Settings\Administrator\Desktop\eclipse-SDK-3.0.1-win32\eclipse\workspace\RefactoredPrevaylerSystem\aspects\snapshot\weave\SnapshotPrevaylerAspect.aj
C:\Documents and Settings\Administrator\Desktop\eclipse-SDK-3.0.1-win32\eclipse\workspace\RefactoredPrevaylerSystem\aspects\snapshot\XmlSnapshotManager.java
C:\Documents and Settings\Administrator\Desktop\eclipse-SDK-3.0.1-win32\eclipse\workspace\RefactoredPrevaylerSystem\aspects\threadSnapshot\weave\SyncPrevaylerImpl.aj
C:\Documents and Settings\Administrator\Desktop\eclipse-SDK-3.0.1-win32\eclipse\workspace\RefactoredPrevaylerSystem\org\prevayler\demos\demo2\business\Account.java
C:\Documents and Settings\Administrator\Desktop\eclipse-SDK-3.0.1-win32\eclipse\workspace\RefactoredPrevaylerSystem\org\prevayler\demos\demo2\business\AccountEntry.java
C:\Documents and Settings\Administrator\Desktop\eclipse-SDK-3.0.1-win32\eclipse\workspace\RefactoredPrevaylerSystem\org\prevayler\demos\demo2\business\AccountListener.java
C:\Documents and Settings\Administrator\Desktop\eclipse-SDK-3.0.1-win32\eclipse\workspace\RefactoredPrevaylerSystem\org\prevayler\demos\demo2\business\Bank.java
C:\Documents and Settings\Administrator\Desktop\eclipse-SDK-3.0.1-win32\eclipse\workspace\RefactoredPrevaylerSystem\org\prevayler\demos\demo2\business\BankListener.java
C:\Documents and Settings\Administrator\Desktop\eclipse-SDK-3.0.1-win32\eclipse\workspace\RefactoredPrevaylerSystem\org\prevayler\demos\demo2\business\transactions\AccountCreation.java
C:\Documents and Settings\Administrator\Desktop\eclipse-SDK-3.0.1-win32\eclipse\workspace\RefactoredPrevaylerSystem\org\prevayler\demos\demo2\business\transactions\AccountDeletion.java
C:\Documents and Settings\Administrator\Desktop\eclipse-SDK-3.0.1-win32\eclipse\workspace\RefactoredPrevaylerSystem\org\prevayler\demos\demo2\business\transactions\AccountTransaction.java
C:\Documents and Settings\Administrator\Desktop\eclipse-SDK-3.0.1-win32\eclipse\workspace\RefactoredPrevaylerSystem\org\prevayler\demos\demo2\business\transactions\BankTransaction.java
C:\Documents and Settings\Administrator\Desktop\eclipse-SDK-3.0.1-win32\eclipse\workspace\RefactoredPrevaylerSystem\org\prevayler\demos\demo2\business\transactions\Deposit.java
C:\Documents and Settings\Administrator\Desktop\eclipse-SDK-3.0.1-win32\eclipse\workspace\RefactoredPrevaylerSystem\org\prevayler\demos\demo2\business\transactions\HolderChange.java
C:\Documents and Settings\Administrator\Desktop\eclipse-SDK-3.0.1-win32\eclipse\workspace\RefactoredPrevaylerSystem\org\prevayler\demos\demo2\business\transactions\Transfer.java
C:\Documents and Settings\Administrator\Desktop\eclipse-SDK-3.0.1-win32\eclipse\workspace\RefactoredPrevaylerSystem\org\prevayler\demos\demo2\business\transactions\Withdrawal.java
C:\Documents and Settings\Administrator\Desktop\eclipse-SDK-3.0.1-win32\eclipse\workspace\RefactoredPrevaylerSystem\org\prevayler\demos\demo2\gui\AccountEditFrame.java
C:\Documents and Settings\Administrator\Desktop\eclipse-SDK-3.0.1-win32\eclipse\workspace\RefactoredPrevaylerSystem\org\prevayler\demos\demo2\gui\AccountFrame.java
C:\Documents and Settings\Administrator\Desktop\eclipse-SDK-3.0.1-win32\eclipse\workspace\RefactoredPrevaylerSystem\org\prevayler\demos\demo2\gui\AllAccountsFrame.java
C:\Documents and Settings\Administrator\Desktop\eclipse-SDK-3.0.1-win32\eclipse\workspace\RefactoredPrevaylerSystem\org\prevayler\demos\demo2\gui\BankFrame.java
C:\Documents and Settings\Administrator\Desktop\eclipse-SDK-3.0.1-win32\eclipse\workspace\RefactoredPrevaylerSystem\org\prevayler\demos\demo2\gui\NewAccountFrame.java
C:\Documents and Settings\Administrator\Desktop\eclipse-SDK-3.0.1-win32\eclipse\workspace\RefactoredPrevaylerSystem\org\prevayler\demos\demo2\gui\RobustAction.java
C:\Documents and Settings\Administrator\Desktop\eclipse-SDK-3.0.1-win32\eclipse\workspace\RefactoredPrevaylerSystem\org\prevayler\demos\demo2\gui\TransferFrame.java
C:\Documents and Settings\Administrator\Desktop\eclipse-SDK-3.0.1-win32\eclipse\workspace\RefactoredPrevaylerSystem\org\prevayler\demos\demo2\Main.java
C:\Documents and Settings\Administrator\Desktop\eclipse-SDK-3.0.1-win32\eclipse\workspace\RefactoredPrevaylerSystem\org\prevayler\demos\demo2\MainReplica.java
C:\Documents and Settings\Administrator\Desktop\eclipse-SDK-3.0.1-win32\eclipse\workspace\RefactoredPrevaylerSystem\org\prevayler\demos\demo2\MainReplicaServer.java
C:\Documents and Settings\Administrator\Desktop\eclipse-SDK-3.0.1-win32\eclipse\workspace\RefactoredPrevaylerSystem\org\prevayler\demos\demo2\MainTransient.java
C:\Documents and Settings\Administrator\Desktop\eclipse-SDK-3.0.1-win32\eclipse\workspace\RefactoredPrevaylerSystem\org\prevayler\demos\demo2\MainXml.java
C:\Documents and Settings\Administrator\Desktop\eclipse-SDK-3.0.1-win32\eclipse\workspace\RefactoredPrevaylerSystem\org\prevayler\foundation\FileManager.java
C:\Documents and Settings\Administrator\Desktop\eclipse-SDK-3.0.1-win32\eclipse\workspace\RefactoredPrevaylerSystem\org\prevayler\foundation\StopWatch.java
C:\Documents and Settings\Administrator\Desktop\eclipse-SDK-3.0.1-win32\eclipse\workspace\RefactoredPrevaylerSystem\org\prevayler\implementation\logging\TransactionLogger.java
C:\Documents and Settings\Administrator\Desktop\eclipse-SDK-3.0.1-win32\eclipse\workspace\RefactoredPrevaylerSystem\org\prevayler\implementation\logging\TransientLogger.java
C:\Documents and Settings\Administrator\Desktop\eclipse-SDK-3.0.1-win32\eclipse\workspace\RefactoredPrevaylerSystem\org\prevayler\implementation\PrevaylerImpl.java
C:\Documents and Settings\Administrator\Desktop\eclipse-SDK-3.0.1-win32\eclipse\workspace\RefactoredPrevaylerSystem\org\prevayler\implementation\publishing\AbstractPublisher.java
C:\Documents and Settings\Administrator\Desktop\eclipse-SDK-3.0.1-win32\eclipse\workspace\RefactoredPrevaylerSystem\org\prevayler\implementation\publishing\CentralPublisher.java
C:\Documents and Settings\Administrator\Desktop\eclipse-SDK-3.0.1-win32\eclipse\workspace\RefactoredPrevaylerSystem\org\prevayler\implementation\publishing\TransactionPublisher.java
C:\Documents and Settings\Administrator\Desktop\eclipse-SDK-3.0.1-win32\eclipse\workspace\RefactoredPrevaylerSystem\org\prevayler\implementation\publishing\TransactionSubscriber.java
C:\Documents and Settings\Administrator\Desktop\eclipse-SDK-3.0.1-win32\eclipse\workspace\RefactoredPrevaylerSystem\org\prevayler\implementation\TransactionTimestamp.java
C:\Documents and Settings\Administrator\Desktop\eclipse-SDK-3.0.1-win32\eclipse\workspace\RefactoredPrevaylerSystem\org\prevayler\implementation\TransactionWithQueryExecuter.java
C:\Documents and Settings\Administrator\Desktop\eclipse-SDK-3.0.1-win32\eclipse\workspace\RefactoredPrevaylerSystem\org\prevayler\Prevayler.java
C:\Documents and Settings\Administrator\Desktop\eclipse-SDK-3.0.1-win32\eclipse\workspace\RefactoredPrevaylerSystem\org\prevayler\PrevaylerFactory.java
C:\Documents and Settings\Administrator\Desktop\eclipse-SDK-3.0.1-win32\eclipse\workspace\RefactoredPrevaylerSystem\org\prevayler\Query.java
C:\Documents and Settings\Administrator\Desktop\eclipse-SDK-3.0.1-win32\eclipse\workspace\RefactoredPrevaylerSystem\org\prevayler\Transaction.java
C:\Documents and Settings\Administrator\Desktop\eclipse-SDK-3.0.1-win32\eclipse\workspace\RefactoredPrevaylerSystem\org\prevayler\TransactionWithQuery.java
